// Vitest Snapshot v1, https://vitest.dev/guide/snapshot.html

exports[`ssr > cache fetches data correctly on SSR 1`] = `"<div>data: value, status: server loaded</div>"`;
